
> nextjs_tailwind_shadcn_ts@0.2.0 build
> npx prisma generate && next build

Environment variables loaded from .env
Prisma schema loaded from prisma\schema.prisma

Ô£ö Generated Prisma Client (v6.19.2) to .\node_modules\@prisma\client in 4.66s

Start by importing your Prisma Client (See: https://pris.ly/d/importing-client)

Tip: Want to turn off tips and other hints? https://pris.ly/tip-4-nohints

 ÔÜá Warning: Next.js inferred your workspace root, but it may not be correct.
 We detected multiple lockfiles and selected the directory of C:\Users\Hp\package-lock.json as the root directory.
 To silence this warning, set `outputFileTracingRoot` in your Next.js config, or consider removing one of the lockfiles if it's not needed.
   See https://nextjs.org/docs/app/api-reference/config/next-config-js/output#caveats for more information.
 Detected additional lockfiles: 
   * C:\Users\Hp\Documents\Abdut Tawwab\Website\Skoolar\package-lock.json

   Ôû▓ Next.js 15.5.15
   - Environments: .env
   - Experiments (use with caution):
     ┬À serverActions

   Creating an optimized production build ...
 Ô£ô Compiled successfully in 89s
   Skipping linting
   Checking validity of types ...
Failed to compile.

./src/components/dashboards/school-admin-dashboard.tsx:238:10
Type error: Cannot find name 'ErrorState'.

  236 |           </div>
  237 |         </div>
> 238 |         <ErrorState message={error} onRetry={fetchData} />
      |          ^
  239 |       </div>
  240 |     );
  241 |   }
Next.js build worker exited with code: 1 and signal: null
